INFO: [VRFC 10-2263] Analyzing Verilog file "D:/Vivado-25/Pipelined_Processor/Pipelined_Processor.srcs/sources_1/new/Forwarding_unit.v" into library xil_defaultlib
INFO: [VRFC 10-311] analyzing module forwarding_unit
INFO: [VRFC 10-2263] Analyzing Verilog file "D:/Vivado-25/Pipelined_Processor/Pipelined_Processor.srcs/sources_1/new/HazradDetectionUnit.v" into library xil_defaultlib
INFO: [VRFC 10-311] analyzing module hazard_detection_unit
INFO: [VRFC 10-2263] Analyzing Verilog file "D:/Vivado-25/Pipelined_Processor/Pipelined_Processor.srcs/sources_1/new/adder.v" into library xil_defaultlib
INFO: [VRFC 10-311] analyzing module adder
INFO: [VRFC 10-2263] Analyzing Verilog file "D:/Vivado-25/Pipelined_Processor/Pipelined_Processor.srcs/sources_1/new/alu_bj.v" into library xil_defaultlib
INFO: [VRFC 10-311] analyzing module alu_bj
INFO: [VRFC 10-2263] Analyzing Verilog file "D:/Vivado-25/Pipelined_Processor/Pipelined_Processor.srcs/sources_1/new/alu_control.v" into library xil_defaultlib
INFO: [VRFC 10-311] analyzing module alu_control
INFO: [VRFC 10-2263] Analyzing Verilog file "D:/Vivado-25/Pipelined_Processor/Pipelined_Processor.srcs/sources_1/new/alusrc_mux.v" into library xil_defaultlib
INFO: [VRFC 10-311] analyzing module mux_alu_src
INFO: [VRFC 10-2263] Analyzing Verilog file "D:/Vivado-25/Pipelined_Processor/Pipelined_Processor.srcs/sources_1/new/branch_comparator.v" into library xil_defaultlib
INFO: [VRFC 10-311] analyzing module branch_comparator
INFO: [VRFC 10-2263] Analyzing Verilog file "D:/Vivado-25/Pipelined_Processor/Pipelined_Processor.srcs/sources_1/new/branch_target_adder.v" into library xil_defaultlib
INFO: [VRFC 10-311] analyzing module branch_target_adder
INFO: [VRFC 10-2263] Analyzing Verilog file "D:/Vivado-25/Pipelined_Processor/Pipelined_Processor.srcs/sources_1/new/control_unit.v" into library xil_defaultlib
INFO: [VRFC 10-311] analyzing module control_unit
INFO: [VRFC 10-2263] Analyzing Verilog file "D:/Vivado-25/Pipelined_Processor/Pipelined_Processor.srcs/sources_1/new/datamem.v" into library xil_defaultlib
INFO: [VRFC 10-311] analyzing module datamem
INFO: [VRFC 10-2263] Analyzing Verilog file "D:/Vivado-25/Pipelined_Processor/Pipelined_Processor.srcs/sources_1/new/ex_mem_reg.v" into library xil_defaultlib
INFO: [VRFC 10-311] analyzing module ex_mem_reg
INFO: [VRFC 10-2263] Analyzing Verilog file "D:/Vivado-25/Pipelined_Processor/Pipelined_Processor.srcs/sources_1/new/fa.v" into library xil_defaultlib
INFO: [VRFC 10-311] analyzing module forwardA_mux
INFO: [VRFC 10-2263] Analyzing Verilog file "D:/Vivado-25/Pipelined_Processor/Pipelined_Processor.srcs/sources_1/new/fb.v" into library xil_defaultlib
INFO: [VRFC 10-311] analyzing module forwardB_mux
INFO: [VRFC 10-2263] Analyzing Verilog file "D:/Vivado-25/Pipelined_Processor/Pipelined_Processor.srcs/sources_1/new/id_ex_reg.v" into library xil_defaultlib
INFO: [VRFC 10-311] analyzing module id_ex_reg
INFO: [VRFC 10-2263] Analyzing Verilog file "D:/Vivado-25/Pipelined_Processor/Pipelined_Processor.srcs/sources_1/new/if_id_reg.v" into library xil_defaultlib
INFO: [VRFC 10-311] analyzing module if_id_reg
INFO: [VRFC 10-2263] Analyzing Verilog file "D:/Vivado-25/Pipelined_Processor/Pipelined_Processor.srcs/sources_1/new/instr_mem.v" into library xil_defaultlib
INFO: [VRFC 10-311] analyzing module instr_mem
INFO: [VRFC 10-2263] Analyzing Verilog file "D:/Vivado-25/Pipelined_Processor/Pipelined_Processor.srcs/sources_1/new/main_alu.v" into library xil_defaultlib
INFO: [VRFC 10-311] analyzing module main_alu
INFO: [VRFC 10-2263] Analyzing Verilog file "D:/Vivado-25/Pipelined_Processor/Pipelined_Processor.srcs/sources_1/new/mem_wb_reg.v" into library xil_defaultlib
INFO: [VRFC 10-311] analyzing module mem_wb_reg
INFO: [VRFC 10-2263] Analyzing Verilog file "D:/Vivado-25/Pipelined_Processor/Pipelined_Processor.srcs/sources_1/new/mux_br_sel.v" into library xil_defaultlib
INFO: [VRFC 10-311] analyzing module mux_br_sel
INFO: [VRFC 10-2263] Analyzing Verilog file "D:/Vivado-25/Pipelined_Processor/Pipelined_Processor.srcs/sources_1/new/mux_jump_sel.v" into library xil_defaultlib
INFO: [VRFC 10-311] analyzing module mux_jump_sel
INFO: [VRFC 10-2263] Analyzing Verilog file "D:/Vivado-25/Pipelined_Processor/Pipelined_Processor.srcs/sources_1/new/mux_memtoreg.v" into library xil_defaultlib
INFO: [VRFC 10-311] analyzing module mux_memtoreg
INFO: [VRFC 10-2263] Analyzing Verilog file "D:/Vivado-25/Pipelined_Processor/Pipelined_Processor.srcs/sources_1/new/mux_regdst.v" into library xil_defaultlib
INFO: [VRFC 10-311] analyzing module regdst_mux
INFO: [VRFC 10-2263] Analyzing Verilog file "D:/Vivado-25/Pipelined_Processor/Pipelined_Processor.srcs/sources_1/new/pc.v" into library xil_defaultlib
INFO: [VRFC 10-311] analyzing module pc
INFO: [VRFC 10-2263] Analyzing Verilog file "D:/Vivado-25/Pipelined_Processor/Pipelined_Processor.srcs/sources_1/new/pipelined_processor.v" into library xil_defaultlib
INFO: [VRFC 10-311] analyzing module pipelined_processor
WARNING: [VRFC 10-2938] 'write_reg' is already implicitly declared on line 80 [D:/Vivado-25/Pipelined_Processor/Pipelined_Processor.srcs/sources_1/new/pipelined_processor.v:83]
WARNING: [VRFC 10-2938] 'id_branch_target' is already implicitly declared on line 106 [D:/Vivado-25/Pipelined_Processor/Pipelined_Processor.srcs/sources_1/new/pipelined_processor.v:109]
WARNING: [VRFC 10-2938] 'jump_shifted' is already implicitly declared on line 113 [D:/Vivado-25/Pipelined_Processor/Pipelined_Processor.srcs/sources_1/new/pipelined_processor.v:116]
WARNING: [VRFC 10-2938] 'take_branch' is already implicitly declared on line 124 [D:/Vivado-25/Pipelined_Processor/Pipelined_Processor.srcs/sources_1/new/pipelined_processor.v:127]
WARNING: [VRFC 10-2938] 'branch_pc_out' is already implicitly declared on line 132 [D:/Vivado-25/Pipelined_Processor/Pipelined_Processor.srcs/sources_1/new/pipelined_processor.v:135]
WARNING: [VRFC 10-2938] 'pc_branch_out' is already implicitly declared on line 148 [D:/Vivado-25/Pipelined_Processor/Pipelined_Processor.srcs/sources_1/new/pipelined_processor.v:151]
WARNING: [VRFC 10-2938] 'mem_jump_target' is already implicitly declared on line 155 [D:/Vivado-25/Pipelined_Processor/Pipelined_Processor.srcs/sources_1/new/pipelined_processor.v:163]
WARNING: [VRFC 10-2938] 'branch_target' is already implicitly declared on line 280 [D:/Vivado-25/Pipelined_Processor/Pipelined_Processor.srcs/sources_1/new/pipelined_processor.v:283]
WARNING: [VRFC 10-2938] 'mem_alu_result' is already implicitly declared on line 239 [D:/Vivado-25/Pipelined_Processor/Pipelined_Processor.srcs/sources_1/new/pipelined_processor.v:286]
WARNING: [VRFC 10-2938] 'mem_reg_dst' is already implicitly declared on line 228 [D:/Vivado-25/Pipelined_Processor/Pipelined_Processor.srcs/sources_1/new/pipelined_processor.v:287]
INFO: [VRFC 10-2263] Analyzing Verilog file "D:/Vivado-25/Pipelined_Processor/Pipelined_Processor.srcs/sources_1/new/reg_file.v" into library xil_defaultlib
INFO: [VRFC 10-311] analyzing module reg_file
INFO: [VRFC 10-2263] Analyzing Verilog file "D:/Vivado-25/Pipelined_Processor/Pipelined_Processor.srcs/sources_1/new/shift_left2_j.v" into library xil_defaultlib
INFO: [VRFC 10-311] analyzing module shift_left_2_jump
INFO: [VRFC 10-2263] Analyzing Verilog file "D:/Vivado-25/Pipelined_Processor/Pipelined_Processor.srcs/sources_1/new/shiftleft2.v" into library xil_defaultlib
INFO: [VRFC 10-311] analyzing module shift_left_2
INFO: [VRFC 10-2263] Analyzing Verilog file "D:/Vivado-25/Pipelined_Processor/Pipelined_Processor.srcs/sources_1/new/sign_ext.v" into library xil_defaultlib
INFO: [VRFC 10-311] analyzing module sign_ext
INFO: [VRFC 10-2263] Analyzing Verilog file "D:/Vivado-25/Pipelined_Processor/Pipelined_Processor.srcs/sim_1/new/pipelined.tb" into library xil_defaultlib
INFO: [VRFC 10-311] analyzing module pipelined_processor_tb
